FBSD_1.0 {
	accept;
	aio_suspend;
	close;
	connect;
	fcntl;
	fork;
	fsync;
	msync;
	nanosleep;
	open;
	pipe;
	poll;
	pselect;
	ptrace;
	read;
	readv;
	recvfrom;
	recvmsg;
	select;
	sendmsg;
	sendto;
	shm_open;
	sigaction;
	sigprocmask;
	sigsuspend;
	sigtimedwait;
	sigwait;
	sigwaitinfo;
	vadvise;
	wait4;
	write;
	writev;
};

FBSD_1.1 {
	closefrom;
};

FBSD_1.2 {
	pdfork;
};

FBSD_1.3 {
	accept4;
	wait6;
};

FBSD_1.4 {
	ppoll;
	numa_setaffinity;
	numa_getaffinity;
	sendmmsg;
	recvmmsg;
};

FBSD_1.5 {
	clock_nanosleep;
	fdatasync;
	getdents;
	kevent;
	lstat;
	mknod;
	stat;
};

FBSD_1.6 {
	shm_create_largepage;
};

FBSD_1.7 {
	_Fork;
	osdb_exec;
	osdb_prepare_v2;
	osdb_step;
	osdb_finalize;
	osdb_column_blob;
	osdb_column_double;
	osdb_column_int;
	osdb_column_int64;
	osdb_column_text;
	osdb_column_text16;
	osdb_column_value;
	osdb_column_bytes;
	osdb_column_bytes16;
	osdb_column_type;
	osdb_column_count;
	osdb_column_name;
	osdb_sample;
	osdb_vtable_open;
	osdb_vtable_close;
    osdb_vtable_filter;
    osdb_vtable_next;
	osdb_vtable_eof;
    osdb_vtable_column;
    osdb_vtable_column_ptr;
    osdb_vtable_rowid;
    osdb_snapshot;
    osdb_snapshot_clear;
};
